The push refers to repository [docker.io/nathernandez/ubuntuweb]
11170bd45d9b: Waiting
231032373bb3: Waiting
cf76534f8466: Waiting
44136fa355b3: Waiting
cf76534f8466: Waiting
44136fa355b3: Waiting
11170bd45d9b: Waiting
231032373bb3: Waiting
cf76534f8466: Waiting
44136fa355b3: Waiting
11170bd45d9b: Waiting
231032373bb3: Waiting
44136fa355b3: Waiting
11170bd45d9b: Waiting
231032373bb3: Waiting
cf76534f8466: Waiting
cf76534f8466: Waiting
44136fa355b3: Waiting
11170bd45d9b: Waiting
231032373bb3: Waiting
cf76534f8466: Waiting
44136fa355b3: Waiting
11170bd45d9b: Waiting
231032373bb3: Waiting
44136fa355b3: Waiting
11170bd45d9b: Waiting
231032373bb3: Waiting
cf76534f8466: Waiting
44136fa355b3: Waiting
11170bd45d9b: Waiting
231032373bb3: Waiting
cf76534f8466: Waiting
cf76534f8466: Waiting
44136fa355b3: Waiting
11170bd45d9b: Waiting
231032373bb3: Waiting
cf76534f8466: Waiting
44136fa355b3: Waiting
11170bd45d9b: Waiting
231032373bb3: Waiting
231032373bb3: Waiting
cf76534f8466: Waiting
44136fa355b3: Waiting
11170bd45d9b: Waiting
44136fa355b3: Waiting
11170bd45d9b: Waiting
231032373bb3: Waiting
cf76534f8466: Waiting
cf76534f8466: Waiting
44136fa355b3: Waiting
11170bd45d9b: Waiting
231032373bb3: Waiting
cf76534f8466: Waiting
44136fa355b3: Waiting
11170bd45d9b: Waiting
231032373bb3: Waiting
cf76534f8466: Waiting
44136fa355b3: Waiting
11170bd45d9b: Waiting
231032373bb3: Waiting
cf76534f8466: Waiting
44136fa355b3: Waiting
11170bd45d9b: Waiting
231032373bb3: Waiting
cf76534f8466: Waiting
44136fa355b3: Waiting
11170bd45d9b: Waiting
231032373bb3: Waiting
11170bd45d9b: Waiting
231032373bb3: Waiting
cf76534f8466: Waiting
44136fa355b3: Waiting
cf76534f8466: Waiting
44136fa355b3: Waiting
11170bd45d9b: Waiting
231032373bb3: Waiting
cf76534f8466: Waiting
44136fa355b3: Waiting
11170bd45d9b: Waiting
231032373bb3: Waiting
cf76534f8466: Waiting
44136fa355b3: Waiting
11170bd45d9b: Waiting
231032373bb3: Waiting
cf76534f8466: Waiting
44136fa355b3: Waiting
11170bd45d9b: Waiting
231032373bb3: Waiting
cf76534f8466: Waiting
44136fa355b3: Waiting
11170bd45d9b: Waiting
231032373bb3: Waiting
11170bd45d9b: Waiting
231032373bb3: Waiting
cf76534f8466: Waiting
44136fa355b3: Waiting
cf76534f8466: Waiting
44136fa355b3: Waiting
11170bd45d9b: Waiting
231032373bb3: Waiting
f702779c5bcd: Waiting
44136fa355b3: Pushed
f702779c5bcd: Waiting
cf76534f8466: Pushed
f702779c5bcd: Waiting
f702779c5bcd: Waiting
f702779c5bcd: Waiting
f702779c5bcd: Waiting
f702779c5bcd: Waiting
f702779c5bcd: Waiting
f702779c5bcd: Waiting
f702779c5bcd: Waiting
f702779c5bcd: Waiting
f702779c5bcd: Waiting
f702779c5bcd: Waiting
f702779c5bcd: Waiting
f702779c5bcd: Waiting
f702779c5bcd: Waiting
f702779c5bcd: Waiting
f702779c5bcd: Pushed
231032373bb3: Pushed
11170bd45d9b: Pushed
v1: digest: sha256:84d2c76ca8e902c6a99803ae0426b2a572c250b6d8374ad6f107273599fd9177 size: 855
The push refers to repository [docker.io/nathernandez/sitio-docker]
16ad62406be3: Waiting
44136fa355b3: Waiting
11170bd45d9b: Waiting
231032373bb3: Waiting
231032373bb3: Waiting
16ad62406be3: Waiting
44136fa355b3: Waiting
11170bd45d9b: Waiting
16ad62406be3: Waiting
44136fa355b3: Waiting
11170bd45d9b: Waiting
231032373bb3: Waiting
16ad62406be3: Waiting
44136fa355b3: Waiting
11170bd45d9b: Waiting
231032373bb3: Waiting
16ad62406be3: Waiting
44136fa355b3: Waiting
11170bd45d9b: Waiting
231032373bb3: Waiting
11170bd45d9b: Waiting
231032373bb3: Waiting
16ad62406be3: Waiting
44136fa355b3: Waiting
44136fa355b3: Waiting
11170bd45d9b: Waiting
231032373bb3: Waiting
16ad62406be3: Waiting
16ad62406be3: Waiting
44136fa355b3: Waiting
11170bd45d9b: Waiting
231032373bb3: Waiting
16ad62406be3: Waiting
44136fa355b3: Waiting
11170bd45d9b: Waiting
231032373bb3: Waiting
44136fa355b3: Waiting
11170bd45d9b: Waiting
231032373bb3: Waiting
44136fa355b3: Waiting
11170bd45d9b: Mounted from nathernandez/ubuntuweb
231032373bb3: Waiting
f702779c5bcd: Waiting
f7032719ef6c: Waiting
231032373bb3: Mounted from nathernandez/ubuntuweb
f702779c5bcd: Waiting
44136fa355b3: Mounted from nathernandez/ubuntuweb
f7032719ef6c: Waiting
f702779c5bcd: Waiting
f7032719ef6c: Waiting
f702779c5bcd: Waiting
f702779c5bcd: Mounted from nathernandez/ubuntuweb
16ad62406be3: Pushed
f7032719ef6c: Pushed
v1: digest: sha256:3b9de05d882a240b123220873e907bca2cba592592e1e1591f8fe80049e8a383 size: 856
