+ docker build -t practica/data-science:local ./data-science
#0 building with "default" instance using docker driver

#1 [internal] load build definition from Dockerfile
#1 transferring dockerfile: 459B done
#1 DONE 0.0s

#2 [internal] load metadata for docker.io/library/python:3.11-slim-bookworm
#2 ...

#3 [auth] library/python:pull token for registry-1.docker.io
#3 DONE 0.0s

#2 [internal] load metadata for docker.io/library/python:3.11-slim-bookworm
#2 DONE 5.9s

#4 [internal] load .dockerignore
#4 transferring context: 2B done
#4 DONE 0.0s

#5 [internal] load build context
#5 transferring context: 114.20kB done
#5 DONE 0.0s

#6 [1/5] FROM docker.io/library/python:3.11-slim-bookworm@sha256:528257d48c1da0dcecc2e725d1ae34498d60c965f1241e39cd6a85a8859bdf84
#6 resolve docker.io/library/python:3.11-slim-bookworm@sha256:528257d48c1da0dcecc2e725d1ae34498d60c965f1241e39cd6a85a8859bdf84 0.0s done
#6 CACHED

#7 [2/5] WORKDIR /notebooks
#7 DONE 0.0s

#8 [3/5] COPY requirements.txt /tmp/requirements.txt
#8 DONE 0.0s

#9 [4/5] RUN pip install --no-cache-dir -r /tmp/requirements.txt
#9 1.311 Collecting tensorflow==2.20.0 (from -r /tmp/requirements.txt (line 1))
#9 1.558   Downloading tensorflow-2.20.0-cp311-cp311-manylinux_2_17_aarch64.manylinux2014_aarch64.whl.metadata (4.5 kB)
#9 1.622 Collecting scikit-learn==1.7.2 (from -r /tmp/requirements.txt (line 2))
#9 1.643   Downloading scikit_learn-1.7.2-cp311-cp311-manylinux_2_27_aarch64.manylinux_2_28_aarch64.whl.metadata (11 kB)
#9 1.694 Collecting notebook==7.4.7 (from -r /tmp/requirements.txt (line 3))
#9 1.719   Downloading notebook-7.4.7-py3-none-any.whl.metadata (10 kB)
#9 1.759 Collecting nbconvert==7.16.6 (from -r /tmp/requirements.txt (line 4))
#9 1.783   Downloading nbconvert-7.16.6-py3-none-any.whl.metadata (8.5 kB)
#9 1.938 Collecting numpy==2.2.6 (from -r /tmp/requirements.txt (line 5))
#9 1.955   Downloading numpy-2.2.6-cp311-cp311-manylinux_2_17_aarch64.manylinux2014_aarch64.whl.metadata (63 kB)
#9 1.972      ━━━━━━━━━━━━━━━━━━━━━━━━━━━━━━━━━━━━━━━━ 63.4/63.4 kB 3.8 MB/s eta 0:00:00
#9 2.059 Collecting pandas==2.3.3 (from -r /tmp/requirements.txt (line 6))
#9 2.078   Downloading pandas-2.3.3-cp311-cp311-manylinux_2_24_aarch64.manylinux_2_28_aarch64.whl.metadata (91 kB)
#9 2.085      ━━━━━━━━━━━━━━━━━━━━━━━━━━━━━━━━━━━━━━━━ 91.2/91.2 kB 12.3 MB/s eta 0:00:00
#9 2.180 Collecting matplotlib==3.10.7 (from -r /tmp/requirements.txt (line 7))
#9 2.202   Downloading matplotlib-3.10.7-cp311-cp311-manylinux_2_27_aarch64.manylinux_2_28_aarch64.whl.metadata (11 kB)
#9 2.228 Collecting sympy==1.14.0 (from -r /tmp/requirements.txt (line 8))
#9 2.245   Downloading sympy-1.14.0-py3-none-any.whl.metadata (12 kB)
#9 2.295 Collecting absl-py>=1.0.0 (from tensorflow==2.20.0->-r /tmp/requirements.txt (line 1))
#9 2.316   Downloading absl_py-2.5.0-py3-none-any.whl.metadata (3.3 kB)
#9 2.414 Collecting astunparse>=1.6.0 (from tensorflow==2.20.0->-r /tmp/requirements.txt (line 1))
#9 2.431   Downloading astunparse-1.6.3-py2.py3-none-any.whl.metadata (4.4 kB)
#9 2.456 Collecting flatbuffers>=24.3.25 (from tensorflow==2.20.0->-r /tmp/requirements.txt (line 1))
#9 2.475   Downloading flatbuffers-25.12.19-py2.py3-none-any.whl.metadata (1.0 kB)
#9 2.595 Collecting gast!=0.5.0,!=0.5.1,!=0.5.2,>=0.2.1 (from tensorflow==2.20.0->-r /tmp/requirements.txt (line 1))
#9 2.625   Downloading gast-0.7.0-py3-none-any.whl.metadata (1.5 kB)
#9 2.650 Collecting google_pasta>=0.1.1 (from tensorflow==2.20.0->-r /tmp/requirements.txt (line 1))
#9 2.666   Downloading google_pasta-0.2.0-py3-none-any.whl.metadata (814 bytes)
#9 2.789 Collecting libclang>=13.0.0 (from tensorflow==2.20.0->-r /tmp/requirements.txt (line 1))
#9 2.808   Downloading libclang-18.1.1-py2.py3-none-manylinux2014_aarch64.whl.metadata (5.2 kB)
#9 2.848 Collecting opt_einsum>=2.3.2 (from tensorflow==2.20.0->-r /tmp/requirements.txt (line 1))
#9 2.873   Downloading opt_einsum-3.4.0-py3-none-any.whl.metadata (6.3 kB)
#9 2.877 Requirement already satisfied: packaging in /usr/local/lib/python3.11/site-packages (from tensorflow==2.20.0->-r /tmp/requirements.txt (line 1)) (26.3)
#9 3.010 Collecting protobuf>=5.28.0 (from tensorflow==2.20.0->-r /tmp/requirements.txt (line 1))
#9 3.026   Downloading protobuf-7.36.1-cp310-abi3-manylinux2014_aarch64.whl.metadata (595 bytes)
#9 3.060 Collecting requests<3,>=2.21.0 (from tensorflow==2.20.0->-r /tmp/requirements.txt (line 1))
#9 3.078   Downloading requests-2.34.2-py3-none-any.whl.metadata (4.8 kB)
#9 3.079 Requirement already satisfied: setuptools in /usr/local/lib/python3.11/site-packages (from tensorflow==2.20.0->-r /tmp/requirements.txt (line 1)) (79.0.1)
#9 3.098 Collecting six>=1.12.0 (from tensorflow==2.20.0->-r /tmp/requirements.txt (line 1))
#9 3.114   Downloading six-1.17.0-py2.py3-none-any.whl.metadata (1.7 kB)
#9 3.140 Collecting termcolor>=1.1.0 (from tensorflow==2.20.0->-r /tmp/requirements.txt (line 1))
#9 3.164   Downloading termcolor-3.3.0-py3-none-any.whl.metadata (6.5 kB)
#9 3.191 Collecting typing_extensions>=3.6.6 (from tensorflow==2.20.0->-r /tmp/requirements.txt (line 1))
#9 3.208   Downloading typing_extensions-4.16.0-py3-none-any.whl.metadata (3.3 kB)
#9 3.470 Collecting wrapt>=1.11.0 (from tensorflow==2.20.0->-r /tmp/requirements.txt (line 1))
#9 3.487   Downloading wrapt-2.4.1-cp311-cp311-manylinux2014_aarch64.manylinux_2_17_aarch64.manylinux_2_28_aarch64.whl.metadata (7.4 kB)
#9 3.902 Collecting grpcio<2.0,>=1.24.3 (from tensorflow==2.20.0->-r /tmp/requirements.txt (line 1))
#9 3.921   Downloading grpcio-1.83.1-cp311-cp311-manylinux2014_aarch64.manylinux_2_17_aarch64.whl.metadata (3.7 kB)
#9 3.950 Collecting tensorboard~=2.20.0 (from tensorflow==2.20.0->-r /tmp/requirements.txt (line 1))
#9 3.965   Downloading tensorboard-2.20.0-py3-none-any.whl.metadata (1.8 kB)
#9 3.994 Collecting keras>=3.10.0 (from tensorflow==2.20.0->-r /tmp/requirements.txt (line 1))
#9 4.020   Downloading keras-3.15.1-py3-none-any.whl.metadata (6.4 kB)
#9 4.078 Collecting h5py>=3.11.0 (from tensorflow==2.20.0->-r /tmp/requirements.txt (line 1))
#9 4.182   Downloading h5py-3.16.0-cp311-cp311-manylinux_2_28_aarch64.whl.metadata (3.0 kB)
#9 4.224 Collecting ml_dtypes<1.0.0,>=0.5.1 (from tensorflow==2.20.0->-r /tmp/requirements.txt (line 1))
#9 4.241   Downloading ml_dtypes-0.6.0-cp311-cp311-manylinux_2_27_aarch64.manylinux_2_28_aarch64.whl.metadata (8.8 kB)
#9 4.431 Collecting scipy>=1.8.0 (from scikit-learn==1.7.2->-r /tmp/requirements.txt (line 2))
#9 4.450   Downloading scipy-1.17.1-cp311-cp311-manylinux_2_27_aarch64.manylinux_2_28_aarch64.whl.metadata (62 kB)
#9 4.452      ━━━━━━━━━━━━━━━━━━━━━━━━━━━━━━━━━━━━━━━━ 62.1/62.1 kB 79.4 MB/s eta 0:00:00
#9 4.493 Collecting joblib>=1.2.0 (from scikit-learn==1.7.2->-r /tmp/requirements.txt (line 2))
#9 4.510   Downloading joblib-1.6.0-py3-none-any.whl.metadata (6.5 kB)
#9 4.563 Collecting threadpoolctl>=3.1.0 (from scikit-learn==1.7.2->-r /tmp/requirements.txt (line 2))
#9 4.583   Downloading threadpoolctl-3.6.0-py3-none-any.whl.metadata (13 kB)
#9 4.631 Collecting jupyter-server<3,>=2.4.0 (from notebook==7.4.7->-r /tmp/requirements.txt (line 3))
#9 4.646   Downloading jupyter_server-2.21.0-py3-none-any.whl.metadata (8.5 kB)
#9 4.688 Collecting jupyterlab-server<3,>=2.27.1 (from notebook==7.4.7->-r /tmp/requirements.txt (line 3))
#9 4.708   Downloading jupyterlab_server-2.28.0-py3-none-any.whl.metadata (5.9 kB)
#9 4.805 Collecting jupyterlab<4.5,>=4.4.9 (from notebook==7.4.7->-r /tmp/requirements.txt (line 3))
#9 4.822   Downloading jupyterlab-4.4.10-py3-none-any.whl.metadata (16 kB)
#9 4.850 Collecting notebook-shim<0.3,>=0.2 (from notebook==7.4.7->-r /tmp/requirements.txt (line 3))
#9 4.866   Downloading notebook_shim-0.2.4-py3-none-any.whl.metadata (4.0 kB)
#9 4.925 Collecting tornado>=6.2.0 (from notebook==7.4.7->-r /tmp/requirements.txt (line 3))
#9 4.957   Downloading tornado-6.5.8-cp39-abi3-manylinux2014_aarch64.manylinux_2_17_aarch64.manylinux_2_28_aarch64.whl.metadata (2.8 kB)
#9 5.001 Collecting beautifulsoup4 (from nbconvert==7.16.6->-r /tmp/requirements.txt (line 4))
#9 5.018   Downloading beautifulsoup4-4.15.0-py3-none-any.whl.metadata (3.8 kB)
#9 5.046 Collecting bleach!=5.0.0 (from bleach[css]!=5.0.0->nbconvert==7.16.6->-r /tmp/requirements.txt (line 4))
#9 5.063   Downloading bleach-6.4.0-py3-none-any.whl.metadata (32 kB)
#9 5.088 Collecting defusedxml (from nbconvert==7.16.6->-r /tmp/requirements.txt (line 4))
#9 5.106   Downloading defusedxml-0.7.1-py2.py3-none-any.whl.metadata (32 kB)
#9 5.130 Collecting jinja2>=3.0 (from nbconvert==7.16.6->-r /tmp/requirements.txt (line 4))
#9 5.146   Downloading jinja2-3.1.6-py3-none-any.whl.metadata (2.9 kB)
#9 5.175 Collecting jupyter-core>=4.7 (from nbconvert==7.16.6->-r /tmp/requirements.txt (line 4))
#9 5.192   Downloading jupyter_core-5.9.1-py3-none-any.whl.metadata (1.5 kB)
#9 5.213 Collecting jupyterlab-pygments (from nbconvert==7.16.6->-r /tmp/requirements.txt (line 4))
#9 5.229   Downloading jupyterlab_pygments-0.3.0-py3-none-any.whl.metadata (4.4 kB)
#9 5.278 Collecting markupsafe>=2.0 (from nbconvert==7.16.6->-r /tmp/requirements.txt (line 4))
#9 5.294   Downloading markupsafe-3.0.3-cp311-cp311-manylinux2014_aarch64.manylinux_2_17_aarch64.manylinux_2_28_aarch64.whl.metadata (2.7 kB)
#9 5.320 Collecting mistune<4,>=2.0.3 (from nbconvert==7.16.6->-r /tmp/requirements.txt (line 4))
#9 5.336   Downloading mistune-3.3.4-py3-none-any.whl.metadata (1.9 kB)
#9 5.367 Collecting nbclient>=0.5.0 (from nbconvert==7.16.6->-r /tmp/requirements.txt (line 4))
#9 5.383   Downloading nbclient-0.11.0-py3-none-any.whl.metadata (7.3 kB)
#9 5.410 Collecting nbformat>=5.7 (from nbconvert==7.16.6->-r /tmp/requirements.txt (line 4))
#9 5.427   Downloading nbformat-5.11.1-py3-none-any.whl.metadata (3.7 kB)
#9 5.451 Collecting pandocfilters>=1.4.1 (from nbconvert==7.16.6->-r /tmp/requirements.txt (line 4))
#9 5.469   Downloading pandocfilters-1.5.1-py2.py3-none-any.whl.metadata (9.0 kB)
#9 5.509 Collecting pygments>=2.4.1 (from nbconvert==7.16.6->-r /tmp/requirements.txt (line 4))
#9 5.525   Downloading pygments-2.21.0-py3-none-any.whl.metadata (2.5 kB)
#9 5.555 Collecting traitlets>=5.1 (from nbconvert==7.16.6->-r /tmp/requirements.txt (line 4))
#9 5.572   Downloading traitlets-5.16.1-py3-none-any.whl.metadata (10 kB)
#9 5.633 Collecting python-dateutil>=2.8.2 (from pandas==2.3.3->-r /tmp/requirements.txt (line 6))
#9 5.651   Downloading python_dateutil-2.9.0.post0-py2.py3-none-any.whl.metadata (8.4 kB)
#9 5.696 Collecting pytz>=2020.1 (from pandas==2.3.3->-r /tmp/requirements.txt (line 6))
#9 5.714   Downloading pytz-2026.3.post1-py2.py3-none-any.whl.metadata (22 kB)
#9 5.738 Collecting tzdata>=2022.7 (from pandas==2.3.3->-r /tmp/requirements.txt (line 6))
#9 5.752   Downloading tzdata-2026.3-py2.py3-none-any.whl.metadata (1.4 kB)
#9 5.899 Collecting contourpy>=1.0.1 (from matplotlib==3.10.7->-r /tmp/requirements.txt (line 7))
#9 5.916   Downloading contourpy-1.3.3-cp311-cp311-manylinux_2_26_aarch64.manylinux_2_28_aarch64.whl.metadata (5.5 kB)
#9 5.934 Collecting cycler>=0.10 (from matplotlib==3.10.7->-r /tmp/requirements.txt (line 7))
#9 5.949   Downloading cycler-0.12.1-py3-none-any.whl.metadata (3.8 kB)
#9 6.056 Collecting fonttools>=4.22.0 (from matplotlib==3.10.7->-r /tmp/requirements.txt (line 7))
#9 6.072   Downloading fonttools-4.65.0-cp311-cp311-manylinux2014_aarch64.manylinux_2_17_aarch64.manylinux_2_28_aarch64.whl.metadata (125 kB)
#9 6.077      ━━━━━━━━━━━━━━━━━━━━━━━━━━━━━━━━━━━━━━ 125.0/125.0 kB 87.0 MB/s eta 0:00:00
#9 6.135 Collecting kiwisolver>=1.3.1 (from matplotlib==3.10.7->-r /tmp/requirements.txt (line 7))
#9 6.154   Downloading kiwisolver-1.5.1-cp311-cp311-manylinux_2_24_aarch64.manylinux_2_28_aarch64.whl.metadata (5.2 kB)
#9 6.296 Collecting pillow>=8 (from matplotlib==3.10.7->-r /tmp/requirements.txt (line 7))
#9 6.312   Downloading pillow-12.3.0-cp311-cp311-manylinux_2_27_aarch64.manylinux_2_28_aarch64.whl.metadata (9.1 kB)
#9 6.351 Collecting pyparsing>=3 (from matplotlib==3.10.7->-r /tmp/requirements.txt (line 7))
#9 6.371   Downloading pyparsing-3.3.2-py3-none-any.whl.metadata (5.8 kB)
#9 6.399 Collecting mpmath<1.4,>=1.1.0 (from sympy==1.14.0->-r /tmp/requirements.txt (line 8))
#9 6.421   Downloading mpmath-1.3.0-py3-none-any.whl.metadata (8.6 kB)
#9 6.425 Requirement already satisfied: wheel<1.0,>=0.23.0 in /usr/local/lib/python3.11/site-packages (from astunparse>=1.6.0->tensorflow==2.20.0->-r /tmp/requirements.txt (line 1)) (0.46.3)
#9 6.445 Collecting webencodings (from bleach!=5.0.0->bleach[css]!=5.0.0->nbconvert==7.16.6->-r /tmp/requirements.txt (line 4))
#9 6.466   Downloading webencodings-0.6.1-py3-none-any.whl.metadata (3.4 kB)
#9 6.492 Collecting tinycss2>=1.1.0 (from bleach[css]!=5.0.0->nbconvert==7.16.6->-r /tmp/requirements.txt (line 4))
#9 6.514   Downloading tinycss2-1.5.1-py3-none-any.whl.metadata (3.0 kB)
#9 6.577 Collecting cloudpickle>=3.0 (from joblib>=1.2.0->scikit-learn==1.7.2->-r /tmp/requirements.txt (line 2))
#9 6.595   Downloading cloudpickle-3.1.2-py3-none-any.whl.metadata (7.1 kB)
#9 6.626 Collecting platformdirs>=2.5 (from jupyter-core>=4.7->nbconvert==7.16.6->-r /tmp/requirements.txt (line 4))
#9 6.644   Downloading platformdirs-4.11.8-py3-none-any.whl.metadata (5.5 kB)
#9 6.681 Collecting anyio>=3.1.0 (from jupyter-server<3,>=2.4.0->notebook==7.4.7->-r /tmp/requirements.txt (line 3))
#9 6.696   Downloading anyio-4.15.1-py3-none-any.whl.metadata (4.7 kB)
#9 6.720 Collecting argon2-cffi>=21.1 (from jupyter-server<3,>=2.4.0->notebook==7.4.7->-r /tmp/requirements.txt (line 3))
#9 6.736   Downloading argon2_cffi-25.1.0-py3-none-any.whl.metadata (4.1 kB)
#9 6.769 Collecting jupyter-client>=7.4.4 (from jupyter-server<3,>=2.4.0->notebook==7.4.7->-r /tmp/requirements.txt (line 3))
#9 6.788   Downloading jupyter_client-8.10.0-py3-none-any.whl.metadata (8.5 kB)
#9 6.821 Collecting jupyter-events>=0.11.0 (from jupyter-server<3,>=2.4.0->notebook==7.4.7->-r /tmp/requirements.txt (line 3))
#9 6.838   Downloading jupyter_events-0.12.1-py3-none-any.whl.metadata (5.8 kB)
#9 6.859 Collecting jupyter-server-terminals>=0.4.4 (from jupyter-server<3,>=2.4.0->notebook==7.4.7->-r /tmp/requirements.txt (line 3))
#9 6.891   Downloading jupyter_server_terminals-0.5.4-py3-none-any.whl.metadata (5.9 kB)
#9 6.924 Collecting overrides>=5.0 (from jupyter-server<3,>=2.4.0->notebook==7.4.7->-r /tmp/requirements.txt (line 3))
#9 6.941   Downloading overrides-7.7.0-py3-none-any.whl.metadata (5.8 kB)
#9 7.031 Collecting prometheus-client>=0.9 (from jupyter-server<3,>=2.4.0->notebook==7.4.7->-r /tmp/requirements.txt (line 3))
#9 7.050   Downloading prometheus_client-0.26.0-py3-none-any.whl.metadata (2.1 kB)
#9 7.312 Collecting pyzmq>=24 (from jupyter-server<3,>=2.4.0->notebook==7.4.7->-r /tmp/requirements.txt (line 3))
#9 7.416   Downloading pyzmq-27.2.0-cp311-cp311-manylinux_2_26_aarch64.manylinux_2_28_aarch64.whl.metadata (3.8 kB)
#9 7.436 Collecting send2trash>=1.8.2 (from jupyter-server<3,>=2.4.0->notebook==7.4.7->-r /tmp/requirements.txt (line 3))
#9 7.458   Downloading send2trash-2.1.0-py3-none-any.whl.metadata (4.1 kB)
#9 7.484 Collecting terminado>=0.8.3 (from jupyter-server<3,>=2.4.0->notebook==7.4.7->-r /tmp/requirements.txt (line 3))
#9 7.505   Downloading terminado-0.18.1-py3-none-any.whl.metadata (5.8 kB)
#9 7.533 Collecting websocket-client>=1.7 (from jupyter-server<3,>=2.4.0->notebook==7.4.7->-r /tmp/requirements.txt (line 3))
#9 7.551   Downloading websocket_client-1.9.2-py3-none-any.whl.metadata (8.3 kB)
#9 7.587 Collecting async-lru>=1.0.0 (from jupyterlab<4.5,>=4.4.9->notebook==7.4.7->-r /tmp/requirements.txt (line 3))
#9 7.607   Downloading async_lru-2.3.0-py3-none-any.whl.metadata (7.6 kB)
#9 7.636 Collecting httpx<1,>=0.25.0 (from jupyterlab<4.5,>=4.4.9->notebook==7.4.7->-r /tmp/requirements.txt (line 3))
#9 7.653   Downloading httpx-0.28.1-py3-none-any.whl.metadata (7.1 kB)
#9 7.691 Collecting ipykernel!=6.30.0,>=6.5.0 (from jupyterlab<4.5,>=4.4.9->notebook==7.4.7->-r /tmp/requirements.txt (line 3))
#9 7.710   Downloading ipykernel-7.3.0-py3-none-any.whl.metadata (4.5 kB)
#9 7.735 Collecting jupyter-lsp>=2.0.0 (from jupyterlab<4.5,>=4.4.9->notebook==7.4.7->-r /tmp/requirements.txt (line 3))
#9 7.752   Downloading jupyter_lsp-2.3.1-py3-none-any.whl.metadata (1.8 kB)
#9 7.791 Collecting babel>=2.10 (from jupyterlab-server<3,>=2.27.1->notebook==7.4.7->-r /tmp/requirements.txt (line 3))
#9 7.811   Downloading babel-2.18.0-py3-none-any.whl.metadata (2.2 kB)
#9 7.852 Collecting json5>=0.9.0 (from jupyterlab-server<3,>=2.27.1->notebook==7.4.7->-r /tmp/requirements.txt (line 3))
#9 7.873   Downloading json5-0.15.0-py3-none-any.whl.metadata (37 kB)
#9 7.910 Collecting jsonschema>=4.18.0 (from jupyterlab-server<3,>=2.27.1->notebook==7.4.7->-r /tmp/requirements.txt (line 3))
#9 7.928   Downloading jsonschema-4.26.0-py3-none-any.whl.metadata (7.6 kB)
#9 7.990 Collecting rich (from keras>=3.10.0->tensorflow==2.20.0->-r /tmp/requirements.txt (line 1))
#9 8.010   Downloading rich-15.0.0-py3-none-any.whl.metadata (18 kB)
#9 8.038 Collecting namex (from keras>=3.10.0->tensorflow==2.20.0->-r /tmp/requirements.txt (line 1))
#9 8.054   Downloading namex-0.1.0-py3-none-any.whl.metadata (322 bytes)
#9 8.123 Collecting optree (from keras>=3.10.0->tensorflow==2.20.0->-r /tmp/requirements.txt (line 1))
#9 8.140   Downloading optree-0.20.0-cp311-cp311-manylinux_2_26_aarch64.manylinux_2_28_aarch64.whl.metadata (32 kB)
#9 8.202 Collecting fastjsonschema>=2.15 (from nbformat>=5.7->nbconvert==7.16.6->-r /tmp/requirements.txt (line 4))
#9 8.216   Downloading fastjsonschema-2.22.2-py3-none-any.whl.metadata (2.1 kB)
#9 8.344 Collecting charset_normalizer<4,>=2 (from requests<3,>=2.21.0->tensorflow==2.20.0->-r /tmp/requirements.txt (line 1))
#9 8.362   Downloading charset_normalizer-3.5.1-cp311-cp311-manylinux2014_aarch64.manylinux_2_17_aarch64.manylinux_2_28_aarch64.whl.metadata (45 kB)
#9 8.362      ━━━━━━━━━━━━━━━━━━━━━━━━━━━━━━━━━━━━━━━ 45.9/45.9 kB 489.5 MB/s eta 0:00:00
#9 8.385 Collecting idna<4,>=2.5 (from requests<3,>=2.21.0->tensorflow==2.20.0->-r /tmp/requirements.txt (line 1))
#9 8.410   Downloading idna-3.19-py3-none-any.whl.metadata (9.2 kB)
#9 8.449 Collecting urllib3<3,>=1.26 (from requests<3,>=2.21.0->tensorflow==2.20.0->-r /tmp/requirements.txt (line 1))
#9 8.463   Downloading urllib3-2.7.0-py3-none-any.whl.metadata (6.9 kB)
#9 8.489 Collecting certifi>=2023.5.7 (from requests<3,>=2.21.0->tensorflow==2.20.0->-r /tmp/requirements.txt (line 1))
#9 8.504   Downloading certifi-2026.7.22-py3-none-any.whl.metadata (2.5 kB)
#9 8.575 Collecting markdown>=2.6.8 (from tensorboard~=2.20.0->tensorflow==2.20.0->-r /tmp/requirements.txt (line 1))
#9 8.590   Downloading markdown-3.10.3-py3-none-any.whl.metadata (5.1 kB)
#9 8.622 Collecting tensorboard-data-server<0.8.0,>=0.7.0 (from tensorboard~=2.20.0->tensorflow==2.20.0->-r /tmp/requirements.txt (line 1))
#9 8.636   Downloading tensorboard_data_server-0.7.2-py3-none-any.whl.metadata (1.1 kB)
#9 8.665 Collecting werkzeug>=1.0.1 (from tensorboard~=2.20.0->tensorflow==2.20.0->-r /tmp/requirements.txt (line 1))
#9 8.680   Downloading werkzeug-3.1.8-py3-none-any.whl.metadata (4.0 kB)
#9 8.738 Collecting soupsieve>=1.6.1 (from beautifulsoup4->nbconvert==7.16.6->-r /tmp/requirements.txt (line 4))
#9 8.756   Downloading soupsieve-2.9.2-py3-none-any.whl.metadata (4.6 kB)
#9 8.798 Collecting argon2-cffi-bindings (from argon2-cffi>=21.1->jupyter-server<3,>=2.4.0->notebook==7.4.7->-r /tmp/requirements.txt (line 3))
#9 8.817   Downloading argon2_cffi_bindings-26.1.0-cp310-abi3-manylinux_2_26_aarch64.manylinux_2_28_aarch64.whl.metadata (7.5 kB)
#9 8.877 Collecting httpcore==1.* (from httpx<1,>=0.25.0->jupyterlab<4.5,>=4.4.9->notebook==7.4.7->-r /tmp/requirements.txt (line 3))
#9 8.894   Downloading httpcore-1.0.9-py3-none-any.whl.metadata (21 kB)
#9 8.919 Collecting h11>=0.16 (from httpcore==1.*->httpx<1,>=0.25.0->jupyterlab<4.5,>=4.4.9->notebook==7.4.7->-r /tmp/requirements.txt (line 3))
#9 8.934   Downloading h11-0.16.0-py3-none-any.whl.metadata (8.3 kB)
#9 8.972 Collecting comm>=0.1.1 (from ipykernel!=6.30.0,>=6.5.0->jupyterlab<4.5,>=4.4.9->notebook==7.4.7->-r /tmp/requirements.txt (line 3))
#9 8.993   Downloading comm-0.2.3-py3-none-any.whl.metadata (3.7 kB)
#9 9.061 Collecting debugpy>=1.6.5 (from ipykernel!=6.30.0,>=6.5.0->jupyterlab<4.5,>=4.4.9->notebook==7.4.7->-r /tmp/requirements.txt (line 3))
#9 9.076   Downloading debugpy-1.8.21-py2.py3-none-any.whl.metadata (1.5 kB)
#9 9.242 Collecting ipython>=7.23.1 (from ipykernel!=6.30.0,>=6.5.0->jupyterlab<4.5,>=4.4.9->notebook==7.4.7->-r /tmp/requirements.txt (line 3))
#9 9.262   Downloading ipython-9.17.1-py3-none-any.whl.metadata (4.6 kB)
#9 9.291 Collecting matplotlib-inline>=0.1 (from ipykernel!=6.30.0,>=6.5.0->jupyterlab<4.5,>=4.4.9->notebook==7.4.7->-r /tmp/requirements.txt (line 3))
#9 9.311   Downloading matplotlib_inline-0.2.2-py3-none-any.whl.metadata (2.4 kB)
#9 9.331 Collecting nest-asyncio2>=1.7.0 (from ipykernel!=6.30.0,>=6.5.0->jupyterlab<4.5,>=4.4.9->notebook==7.4.7->-r /tmp/requirements.txt (line 3))
#9 9.348   Downloading nest_asyncio2-1.7.2-py3-none-any.whl.metadata (6.3 kB)
#9 9.412 Collecting psutil>=5.7 (from ipykernel!=6.30.0,>=6.5.0->jupyterlab<4.5,>=4.4.9->notebook==7.4.7->-r /tmp/requirements.txt (line 3))
#9 9.437   Downloading psutil-7.2.2-cp36-abi3-manylinux2014_aarch64.manylinux_2_17_aarch64.manylinux_2_28_aarch64.whl.metadata (22 kB)
#9 9.482 Collecting attrs>=22.2.0 (from jsonschema>=4.18.0->jupyterlab-server<3,>=2.27.1->notebook==7.4.7->-r /tmp/requirements.txt (line 3))
#9 9.498   Downloading attrs-26.1.0-py3-none-any.whl.metadata (8.8 kB)
#9 9.519 Collecting jsonschema-specifications>=2023.03.6 (from jsonschema>=4.18.0->jupyterlab-server<3,>=2.27.1->notebook==7.4.7->-r /tmp/requirements.txt (line 3))
#9 9.536   Downloading jsonschema_specifications-2025.9.1-py3-none-any.whl.metadata (2.9 kB)
#9 9.565 Collecting referencing>=0.28.4 (from jsonschema>=4.18.0->jupyterlab-server<3,>=2.27.1->notebook==7.4.7->-r /tmp/requirements.txt (line 3))
#9 9.579   Downloading referencing-0.37.0-py3-none-any.whl.metadata (2.8 kB)
#9 9.752 Collecting rpds-py>=0.25.0 (from jsonschema>=4.18.0->jupyterlab-server<3,>=2.27.1->notebook==7.4.7->-r /tmp/requirements.txt (line 3))
#9 9.770   Downloading rpds_py-2026.6.3-cp311-cp311-manylinux_2_17_aarch64.manylinux2014_aarch64.whl.metadata (4.1 kB)
#9 9.815 Collecting python-json-logger>=2.0.4 (from jupyter-events>=0.11.0->jupyter-server<3,>=2.4.0->notebook==7.4.7->-r /tmp/requirements.txt (line 3))
#9 9.837   Downloading python_json_logger-4.2.0-py3-none-any.whl.metadata (2.9 kB)
#9 9.872 Collecting pyyaml>=5.3 (from jupyter-events>=0.11.0->jupyter-server<3,>=2.4.0->notebook==7.4.7->-r /tmp/requirements.txt (line 3))
#9 9.891   Downloading pyyaml-6.0.3-cp311-cp311-manylinux2014_aarch64.manylinux_2_17_aarch64.manylinux_2_28_aarch64.whl.metadata (2.4 kB)
#9 9.924 Collecting rfc3339-validator (from jupyter-events>=0.11.0->jupyter-server<3,>=2.4.0->notebook==7.4.7->-r /tmp/requirements.txt (line 3))
#9 9.943   Downloading rfc3339_validator-0.1.4-py2.py3-none-any.whl.metadata (1.5 kB)
#9 9.969 Collecting rfc3986-validator>=0.1.1 (from jupyter-events>=0.11.0->jupyter-server<3,>=2.4.0->notebook==7.4.7->-r /tmp/requirements.txt (line 3))
#9 9.988   Downloading rfc3986_validator-0.1.1-py2.py3-none-any.whl.metadata (1.7 kB)
#9 10.08 Collecting ptyprocess (from terminado>=0.8.3->jupyter-server<3,>=2.4.0->notebook==7.4.7->-r /tmp/requirements.txt (line 3))
#9 10.10   Downloading ptyprocess-0.7.0-py2.py3-none-any.whl.metadata (1.3 kB)
#9 10.20 Collecting markdown-it-py>=2.2.0 (from rich->keras>=3.10.0->tensorflow==2.20.0->-r /tmp/requirements.txt (line 1))
#9 10.22   Downloading markdown_it_py-4.2.0-py3-none-any.whl.metadata (7.4 kB)
#9 10.27 Collecting ipython-pygments-lexers>=1.0.0 (from ipython>=7.23.1->ipykernel!=6.30.0,>=6.5.0->jupyterlab<4.5,>=4.4.9->notebook==7.4.7->-r /tmp/requirements.txt (line 3))
#9 10.33   Downloading ipython_pygments_lexers-1.1.1-py3-none-any.whl.metadata (1.1 kB)
#9 10.36 Collecting jedi>=0.18.2 (from ipython>=7.23.1->ipykernel!=6.30.0,>=6.5.0->jupyterlab<4.5,>=4.4.9->notebook==7.4.7->-r /tmp/requirements.txt (line 3))
#9 10.38   Downloading jedi-0.20.0-py2.py3-none-any.whl.metadata (23 kB)
#9 10.41 Collecting pexpect>4.6 (from ipython>=7.23.1->ipykernel!=6.30.0,>=6.5.0->jupyterlab<4.5,>=4.4.9->notebook==7.4.7->-r /tmp/requirements.txt (line 3))
#9 10.42   Downloading pexpect-4.9.0-py2.py3-none-any.whl.metadata (2.5 kB)
#9 10.46 Collecting prompt_toolkit<3.1.0,>=3.0.41 (from ipython>=7.23.1->ipykernel!=6.30.0,>=6.5.0->jupyterlab<4.5,>=4.4.9->notebook==7.4.7->-r /tmp/requirements.txt (line 3))
#9 10.47   Downloading prompt_toolkit-3.0.53-py3-none-any.whl.metadata (6.4 kB)
#9 10.51 Collecting stack_data>=0.6.0 (from ipython>=7.23.1->ipykernel!=6.30.0,>=6.5.0->jupyterlab<4.5,>=4.4.9->notebook==7.4.7->-r /tmp/requirements.txt (line 3))
#9 10.53   Downloading stack_data-0.6.3-py3-none-any.whl.metadata (18 kB)
#9 10.58 Collecting fqdn (from jsonschema[format-nongpl]>=4.18.0->jupyter-events>=0.11.0->jupyter-server<3,>=2.4.0->notebook==7.4.7->-r /tmp/requirements.txt (line 3))
#9 10.61   Downloading fqdn-1.5.1-py3-none-any.whl.metadata (1.4 kB)
#9 10.64 Collecting isoduration (from jsonschema[format-nongpl]>=4.18.0->jupyter-events>=0.11.0->jupyter-server<3,>=2.4.0->notebook==7.4.7->-r /tmp/requirements.txt (line 3))
#9 10.69   Downloading isoduration-20.11.0-py3-none-any.whl.metadata (5.7 kB)
#9 10.76 Collecting jsonpointer>1.13 (from jsonschema[format-nongpl]>=4.18.0->jupyter-events>=0.11.0->jupyter-server<3,>=2.4.0->notebook==7.4.7->-r /tmp/requirements.txt (line 3))
#9 10.83   Downloading jsonpointer-3.1.1-py3-none-any.whl.metadata (2.4 kB)
#9 10.92 Collecting rfc3987-syntax>=1.1.0 (from jsonschema[format-nongpl]>=4.18.0->jupyter-events>=0.11.0->jupyter-server<3,>=2.4.0->notebook==7.4.7->-r /tmp/requirements.txt (line 3))
#9 10.97   Downloading rfc3987_syntax-1.1.0-py3-none-any.whl.metadata (7.7 kB)
#9 11.12 Collecting uri-template (from jsonschema[format-nongpl]>=4.18.0->jupyter-events>=0.11.0->jupyter-server<3,>=2.4.0->notebook==7.4.7->-r /tmp/requirements.txt (line 3))
#9 11.17   Downloading uri_template-1.3.0-py3-none-any.whl.metadata (8.8 kB)
#9 11.22 Collecting webcolors>=24.6.0 (from jsonschema[format-nongpl]>=4.18.0->jupyter-events>=0.11.0->jupyter-server<3,>=2.4.0->notebook==7.4.7->-r /tmp/requirements.txt (line 3))
#9 11.25   Downloading webcolors-25.10.0-py3-none-any.whl.metadata (2.2 kB)
#9 11.30 Collecting mdurl~=0.1 (from markdown-it-py>=2.2.0->rich->keras>=3.10.0->tensorflow==2.20.0->-r /tmp/requirements.txt (line 1))
#9 11.32   Downloading mdurl-0.1.2-py3-none-any.whl.metadata (1.6 kB)
#9 11.49 Collecting cffi>=1.0.1 (from argon2-cffi-bindings->argon2-cffi>=21.1->jupyter-server<3,>=2.4.0->notebook==7.4.7->-r /tmp/requirements.txt (line 3))
#9 11.50   Downloading cffi-2.1.1-cp311-cp311-manylinux2014_aarch64.manylinux_2_17_aarch64.whl.metadata (2.5 kB)
#9 11.54 Collecting pycparser (from cffi>=1.0.1->argon2-cffi-bindings->argon2-cffi>=21.1->jupyter-server<3,>=2.4.0->notebook==7.4.7->-r /tmp/requirements.txt (line 3))
#9 11.56   Downloading pycparser-3.0-py3-none-any.whl.metadata (8.2 kB)
#9 11.61 Collecting parso<0.9.0,>=0.8.6 (from jedi>=0.18.2->ipython>=7.23.1->ipykernel!=6.30.0,>=6.5.0->jupyterlab<4.5,>=4.4.9->notebook==7.4.7->-r /tmp/requirements.txt (line 3))
#9 11.63   Downloading parso-0.8.7-py2.py3-none-any.whl.metadata (8.2 kB)
#9 11.68 Collecting wcwidth>=0.1.4 (from prompt_toolkit<3.1.0,>=3.0.41->ipython>=7.23.1->ipykernel!=6.30.0,>=6.5.0->jupyterlab<4.5,>=4.4.9->notebook==7.4.7->-r /tmp/requirements.txt (line 3))
#9 11.70   Downloading wcwidth-0.8.3-py3-none-any.whl.metadata (43 kB)
#9 11.70      ━━━━━━━━━━━━━━━━━━━━━━━━━━━━━━━━━━━━━━━ 43.3/43.3 kB 521.4 MB/s eta 0:00:00
#9 11.73 Collecting lark>=1.2.2 (from rfc3987-syntax>=1.1.0->jsonschema[format-nongpl]>=4.18.0->jupyter-events>=0.11.0->jupyter-server<3,>=2.4.0->notebook==7.4.7->-r /tmp/requirements.txt (line 3))
#9 11.75   Downloading lark-1.3.1-py3-none-any.whl.metadata (1.8 kB)
#9 11.79 Collecting executing>=1.2.0 (from stack_data>=0.6.0->ipython>=7.23.1->ipykernel!=6.30.0,>=6.5.0->jupyterlab<4.5,>=4.4.9->notebook==7.4.7->-r /tmp/requirements.txt (line 3))
#9 11.80   Downloading executing-2.2.1-py2.py3-none-any.whl.metadata (8.9 kB)
#9 11.83 Collecting asttokens>=2.1.0 (from stack_data>=0.6.0->ipython>=7.23.1->ipykernel!=6.30.0,>=6.5.0->jupyterlab<4.5,>=4.4.9->notebook==7.4.7->-r /tmp/requirements.txt (line 3))
#9 11.85   Downloading asttokens-3.0.2-py3-none-any.whl.metadata (5.7 kB)
#9 11.89 Collecting pure-eval (from stack_data>=0.6.0->ipython>=7.23.1->ipykernel!=6.30.0,>=6.5.0->jupyterlab<4.5,>=4.4.9->notebook==7.4.7->-r /tmp/requirements.txt (line 3))
#9 11.90   Downloading pure_eval-0.2.4-py3-none-any.whl.metadata (6.4 kB)
#9 11.96 Collecting arrow>=0.15.0 (from isoduration->jsonschema[format-nongpl]>=4.18.0->jupyter-events>=0.11.0->jupyter-server<3,>=2.4.0->notebook==7.4.7->-r /tmp/requirements.txt (line 3))
#9 11.98   Downloading arrow-1.4.0-py3-none-any.whl.metadata (7.7 kB)
#9 12.20 Downloading tensorflow-2.20.0-cp311-cp311-manylinux_2_17_aarch64.manylinux2014_aarch64.whl (259.5 MB)
#9 43.86    ━━━━━━━━━━━━━━━━━━━━━━━━━━━━━━━━━━━━━━━━ 259.5/259.5 MB 6.8 MB/s eta 0:00:00
#9 43.91 Downloading scikit_learn-1.7.2-cp311-cp311-manylinux_2_27_aarch64.manylinux_2_28_aarch64.whl (9.5 MB)
#9 44.39    ━━━━━━━━━━━━━━━━━━━━━━━━━━━━━━━━━━━━━━━━ 9.5/9.5 MB 19.7 MB/s eta 0:00:00
#9 44.41 Downloading notebook-7.4.7-py3-none-any.whl (14.3 MB)
#9 45.24    ━━━━━━━━━━━━━━━━━━━━━━━━━━━━━━━━━━━━━━━━ 14.3/14.3 MB 17.1 MB/s eta 0:00:00
#9 45.26 Downloading nbconvert-7.16.6-py3-none-any.whl (258 kB)
#9 45.27    ━━━━━━━━━━━━━━━━━━━━━━━━━━━━━━━━━━━━━━━━ 258.5/258.5 kB 28.2 MB/s eta 0:00:00
#9 45.29 Downloading numpy-2.2.6-cp311-cp311-manylinux_2_17_aarch64.manylinux2014_aarch64.whl (14.3 MB)
#9 46.15    ━━━━━━━━━━━━━━━━━━━━━━━━━━━━━━━━━━━━━━━━ 14.3/14.3 MB 17.3 MB/s eta 0:00:00
#9 46.18 Downloading pandas-2.3.3-cp311-cp311-manylinux_2_24_aarch64.manylinux_2_28_aarch64.whl (12.2 MB)
#9 46.86    ━━━━━━━━━━━━━━━━━━━━━━━━━━━━━━━━━━━━━━━━ 12.2/12.2 MB 20.4 MB/s eta 0:00:00
#9 46.89 Downloading matplotlib-3.10.7-cp311-cp311-manylinux_2_27_aarch64.manylinux_2_28_aarch64.whl (9.5 MB)
#9 47.64    ━━━━━━━━━━━━━━━━━━━━━━━━━━━━━━━━━━━━━━━━ 9.5/9.5 MB 12.8 MB/s eta 0:00:00
#9 47.67 Downloading sympy-1.14.0-py3-none-any.whl (6.3 MB)
#9 48.83    ━━━━━━━━━━━━━━━━━━━━━━━━━━━━━━━━━━━━━━━━ 6.3/6.3 MB 5.4 MB/s eta 0:00:00
#9 48.86 Downloading absl_py-2.5.0-py3-none-any.whl (137 kB)
#9 48.87    ━━━━━━━━━━━━━━━━━━━━━━━━━━━━━━━━━━━━━━━━ 137.4/137.4 kB 30.5 MB/s eta 0:00:00
#9 48.89 Downloading astunparse-1.6.3-py2.py3-none-any.whl (12 kB)
#9 48.91 Downloading bleach-6.4.0-py3-none-any.whl (165 kB)
#9 48.92    ━━━━━━━━━━━━━━━━━━━━━━━━━━━━━━━━━━━━━━━━ 165.1/165.1 kB 31.2 MB/s eta 0:00:00
#9 48.94 Downloading contourpy-1.3.3-cp311-cp311-manylinux_2_26_aarch64.manylinux_2_28_aarch64.whl (329 kB)
#9 48.96    ━━━━━━━━━━━━━━━━━━━━━━━━━━━━━━━━━━━━━━━━ 329.2/329.2 kB 15.4 MB/s eta 0:00:00
#9 48.98 Downloading cycler-0.12.1-py3-none-any.whl (8.3 kB)
#9 49.00 Downloading flatbuffers-25.12.19-py2.py3-none-any.whl (26 kB)
#9 49.02 Downloading fonttools-4.65.0-cp311-cp311-manylinux2014_aarch64.manylinux_2_17_aarch64.manylinux_2_28_aarch64.whl (5.5 MB)
#9 49.48    ━━━━━━━━━━━━━━━━━━━━━━━━━━━━━━━━━━━━━━━━ 5.5/5.5 MB 12.2 MB/s eta 0:00:00
#9 49.51 Downloading gast-0.7.0-py3-none-any.whl (22 kB)
#9 49.53 Downloading google_pasta-0.2.0-py3-none-any.whl (57 kB)
#9 49.53    ━━━━━━━━━━━━━━━━━━━━━━━━━━━━━━━━━━━━━━━━ 57.5/57.5 kB 101.1 MB/s eta 0:00:00
#9 49.56 Downloading grpcio-1.83.1-cp311-cp311-manylinux2014_aarch64.manylinux_2_17_aarch64.whl (6.9 MB)
#9 50.15    ━━━━━━━━━━━━━━━━━━━━━━━━━━━━━━━━━━━━━━━━ 6.9/6.9 MB 11.9 MB/s eta 0:00:00
#9 50.18 Downloading h5py-3.16.0-cp311-cp311-manylinux_2_28_aarch64.whl (4.8 MB)
#9 50.66    ━━━━━━━━━━━━━━━━━━━━━━━━━━━━━━━━━━━━━━━━ 4.8/4.8 MB 10.1 MB/s eta 0:00:00
#9 50.68 Downloading jinja2-3.1.6-py3-none-any.whl (134 kB)
#9 50.71    ━━━━━━━━━━━━━━━━━━━━━━━━━━━━━━━━━━━━━━━━ 134.9/134.9 kB 5.9 MB/s eta 0:00:00
#9 50.73 Downloading joblib-1.6.0-py3-none-any.whl (306 kB)
#9 50.76    ━━━━━━━━━━━━━━━━━━━━━━━━━━━━━━━━━━━━━━━━ 306.1/306.1 kB 11.7 MB/s eta 0:00:00
#9 50.79 Downloading jupyter_core-5.9.1-py3-none-any.whl (29 kB)
#9 50.82 Downloading jupyter_server-2.21.0-py3-none-any.whl (393 kB)
#9 50.86    ━━━━━━━━━━━━━━━━━━━━━━━━━━━━━━━━━━━━━━━━ 394.0/394.0 kB 12.3 MB/s eta 0:00:00
#9 50.88 Downloading jupyterlab-4.4.10-py3-none-any.whl (12.3 MB)
#9 51.87    ━━━━━━━━━━━━━━━━━━━━━━━━━━━━━━━━━━━━━━━━ 12.3/12.3 MB 12.4 MB/s eta 0:00:00
#9 51.90 Downloading jupyterlab_server-2.28.0-py3-none-any.whl (59 kB)
#9 51.91    ━━━━━━━━━━━━━━━━━━━━━━━━━━━━━━━━━━━━━━━━ 59.8/59.8 kB 36.0 MB/s eta 0:00:00
#9 51.93 Downloading keras-3.15.1-py3-none-any.whl (2.4 MB)
#9 52.09    ━━━━━━━━━━━━━━━━━━━━━━━━━━━━━━━━━━━━━━━━ 2.4/2.4 MB 15.6 MB/s eta 0:00:00
#9 52.12 Downloading kiwisolver-1.5.1-cp311-cp311-manylinux_2_24_aarch64.manylinux_2_28_aarch64.whl (1.2 MB)
#9 52.20    ━━━━━━━━━━━━━━━━━━━━━━━━━━━━━━━━━━━━━━━━ 1.2/1.2 MB 16.7 MB/s eta 0:00:00
#9 52.24 Downloading libclang-18.1.1-py2.py3-none-manylinux2014_aarch64.whl (23.8 MB)
#9 53.70    ━━━━━━━━━━━━━━━━━━━━━━━━━━━━━━━━━━━━━━━━ 23.8/23.8 MB 17.0 MB/s eta 0:00:00
#9 53.72 Downloading markupsafe-3.0.3-cp311-cp311-manylinux2014_aarch64.manylinux_2_17_aarch64.manylinux_2_28_aarch64.whl (24 kB)
#9 53.74 Downloading mistune-3.3.4-py3-none-any.whl (66 kB)
#9 53.75    ━━━━━━━━━━━━━━━━━━━━━━━━━━━━━━━━━━━━━━━━ 66.9/66.9 kB 132.2 MB/s eta 0:00:00
#9 53.77 Downloading ml_dtypes-0.6.0-cp311-cp311-manylinux_2_27_aarch64.manylinux_2_28_aarch64.whl (356 kB)
#9 53.79    ━━━━━━━━━━━━━━━━━━━━━━━━━━━━━━━━━━━━━━━━ 356.9/356.9 kB 30.8 MB/s eta 0:00:00
#9 53.82 Downloading mpmath-1.3.0-py3-none-any.whl (536 kB)
#9 53.84    ━━━━━━━━━━━━━━━━━━━━━━━━━━━━━━━━━━━━━━━━ 536.2/536.2 kB 25.4 MB/s eta 0:00:00
#9 53.87 Downloading nbclient-0.11.0-py3-none-any.whl (25 kB)
#9 53.89 Downloading nbformat-5.11.1-py3-none-any.whl (79 kB)
#9 53.90    ━━━━━━━━━━━━━━━━━━━━━━━━━━━━━━━━━━━━━━━━ 79.8/79.8 kB 152.0 MB/s eta 0:00:00
#9 53.92 Downloading notebook_shim-0.2.4-py3-none-any.whl (13 kB)
#9 53.95 Downloading opt_einsum-3.4.0-py3-none-any.whl (71 kB)
#9 53.96    ━━━━━━━━━━━━━━━━━━━━━━━━━━━━━━━━━━━━━━━━ 71.9/71.9 kB 9.1 MB/s eta 0:00:00
#9 53.98 Downloading pandocfilters-1.5.1-py2.py3-none-any.whl (8.7 kB)
#9 54.02 Downloading pillow-12.3.0-cp311-cp311-manylinux_2_27_aarch64.manylinux_2_28_aarch64.whl (6.3 MB)
#9 54.49    ━━━━━━━━━━━━━━━━━━━━━━━━━━━━━━━━━━━━━━━━ 6.3/6.3 MB 13.5 MB/s eta 0:00:00
#9 54.52 Downloading protobuf-7.36.1-cp310-abi3-manylinux2014_aarch64.whl (344 kB)
#9 54.55    ━━━━━━━━━━━━━━━━━━━━━━━━━━━━━━━━━━━━━━━━ 344.2/344.2 kB 16.7 MB/s eta 0:00:00
#9 54.57 Downloading pygments-2.21.0-py3-none-any.whl (1.3 MB)
#9 54.68    ━━━━━━━━━━━━━━━━━━━━━━━━━━━━━━━━━━━━━━━━ 1.3/1.3 MB 11.8 MB/s eta 0:00:00
#9 54.71 Downloading pyparsing-3.3.2-py3-none-any.whl (122 kB)
#9 54.71    ━━━━━━━━━━━━━━━━━━━━━━━━━━━━━━━━━━━━━━━━ 122.8/122.8 kB 82.5 MB/s eta 0:00:00
#9 54.73 Downloading python_dateutil-2.9.0.post0-py2.py3-none-any.whl (229 kB)
#9 54.76    ━━━━━━━━━━━━━━━━━━━━━━━━━━━━━━━━━━━━━━━━ 229.9/229.9 kB 11.7 MB/s eta 0:00:00
#9 54.78 Downloading pytz-2026.3.post1-py2.py3-none-any.whl (508 kB)
#9 54.82    ━━━━━━━━━━━━━━━━━━━━━━━━━━━━━━━━━━━━━━━━ 508.3/508.3 kB 16.1 MB/s eta 0:00:00
#9 54.84 Downloading requests-2.34.2-py3-none-any.whl (73 kB)
#9 54.85    ━━━━━━━━━━━━━━━━━━━━━━━━━━━━━━━━━━━━━━━━ 73.1/73.1 kB 7.8 MB/s eta 0:00:00
#9 54.87 Downloading scipy-1.17.1-cp311-cp311-manylinux_2_27_aarch64.manylinux_2_28_aarch64.whl (33.1 MB)
#9 57.04    ━━━━━━━━━━━━━━━━━━━━━━━━━━━━━━━━━━━━━━━━ 33.1/33.1 MB 14.6 MB/s eta 0:00:00
#9 57.06 Downloading six-1.17.0-py2.py3-none-any.whl (11 kB)
#9 57.09 Downloading tensorboard-2.20.0-py3-none-any.whl (5.5 MB)
#9 57.38    ━━━━━━━━━━━━━━━━━━━━━━━━━━━━━━━━━━━━━━━━ 5.5/5.5 MB 19.6 MB/s eta 0:00:00
#9 57.41 Downloading termcolor-3.3.0-py3-none-any.whl (7.7 kB)
#9 57.43 Downloading threadpoolctl-3.6.0-py3-none-any.whl (18 kB)
#9 57.46 Downloading tornado-6.5.8-cp39-abi3-manylinux2014_aarch64.manylinux_2_17_aarch64.manylinux_2_28_aarch64.whl (451 kB)
#9 57.49    ━━━━━━━━━━━━━━━━━━━━━━━━━━━━━━━━━━━━━━━━ 451.7/451.7 kB 18.2 MB/s eta 0:00:00
#9 57.51 Downloading traitlets-5.16.1-py3-none-any.whl (86 kB)
#9 57.52    ━━━━━━━━━━━━━━━━━━━━━━━━━━━━━━━━━━━━━━━━ 86.2/86.2 kB 20.1 MB/s eta 0:00:00
#9 57.54 Downloading typing_extensions-4.16.0-py3-none-any.whl (45 kB)
#9 57.55    ━━━━━━━━━━━━━━━━━━━━━━━━━━━━━━━━━━━━━━━━ 45.6/45.6 kB 6.1 MB/s eta 0:00:00
#9 57.56 Downloading tzdata-2026.3-py2.py3-none-any.whl (348 kB)
#9 57.59    ━━━━━━━━━━━━━━━━━━━━━━━━━━━━━━━━━━━━━━━━ 348.2/348.2 kB 16.3 MB/s eta 0:00:00
#9 57.61 Downloading wrapt-2.4.1-cp311-cp311-manylinux2014_aarch64.manylinux_2_17_aarch64.manylinux_2_28_aarch64.whl (228 kB)
#9 57.62    ━━━━━━━━━━━━━━━━━━━━━━━━━━━━━━━━━━━━━━━━ 228.4/228.4 kB 75.1 MB/s eta 0:00:00
#9 57.64 Downloading beautifulsoup4-4.15.0-py3-none-any.whl (109 kB)
#9 57.64    ━━━━━━━━━━━━━━━━━━━━━━━━━━━━━━━━━━━━━━━ 109.9/109.9 kB 227.4 MB/s eta 0:00:00
#9 57.67 Downloading defusedxml-0.7.1-py2.py3-none-any.whl (25 kB)
#9 57.70 Downloading jupyterlab_pygments-0.3.0-py3-none-any.whl (15 kB)
#9 57.72 Downloading anyio-4.15.1-py3-none-any.whl (132 kB)
#9 57.74    ━━━━━━━━━━━━━━━━━━━━━━━━━━━━━━━━━━━━━━━━ 132.1/132.1 kB 33.8 MB/s eta 0:00:00
#9 57.76 Downloading argon2_cffi-25.1.0-py3-none-any.whl (14 kB)
#9 57.79 Downloading async_lru-2.3.0-py3-none-any.whl (8.4 kB)
#9 57.81 Downloading babel-2.18.0-py3-none-any.whl (10.2 MB)
#9 58.58    ━━━━━━━━━━━━━━━━━━━━━━━━━━━━━━━━━━━━━━━━ 10.2/10.2 MB 13.4 MB/s eta 0:00:00
#9 58.60 Downloading certifi-2026.7.22-py3-none-any.whl (136 kB)
#9 58.61    ━━━━━━━━━━━━━━━━━━━━━━━━━━━━━━━━━━━━━━━━ 137.0/137.0 kB 78.0 MB/s eta 0:00:00
#9 58.64 Downloading charset_normalizer-3.5.1-cp311-cp311-manylinux2014_aarch64.manylinux_2_17_aarch64.manylinux_2_28_aarch64.whl (251 kB)
#9 58.66    ━━━━━━━━━━━━━━━━━━━━━━━━━━━━━━━━━━━━━━━━ 251.2/251.2 kB 30.8 MB/s eta 0:00:00
#9 58.68 Downloading cloudpickle-3.1.2-py3-none-any.whl (22 kB)
#9 58.70 Downloading fastjsonschema-2.22.2-py3-none-any.whl (27 kB)
#9 58.72 Downloading httpx-0.28.1-py3-none-any.whl (73 kB)
#9 58.73    ━━━━━━━━━━━━━━━━━━━━━━━━━━━━━━━━━━━━━━━━ 73.5/73.5 kB 18.0 MB/s eta 0:00:00
#9 58.75 Downloading httpcore-1.0.9-py3-none-any.whl (78 kB)
#9 58.75    ━━━━━━━━━━━━━━━━━━━━━━━━━━━━━━━━━━━━━━━━ 78.8/78.8 kB 103.0 MB/s eta 0:00:00
#9 58.77 Downloading idna-3.19-py3-none-any.whl (68 kB)
#9 58.77    ━━━━━━━━━━━━━━━━━━━━━━━━━━━━━━━━━━━━━━━━ 68.5/68.5 kB 163.4 MB/s eta 0:00:00
#9 58.80 Downloading ipykernel-7.3.0-py3-none-any.whl (120 kB)
#9 58.80    ━━━━━━━━━━━━━━━━━━━━━━━━━━━━━━━━━━━━━━━ 120.6/120.6 kB 233.9 MB/s eta 0:00:00
#9 58.83 Downloading json5-0.15.0-py3-none-any.whl (36 kB)
#9 58.84 Downloading jsonschema-4.26.0-py3-none-any.whl (90 kB)
#9 58.85    ━━━━━━━━━━━━━━━━━━━━━━━━━━━━━━━━━━━━━━━━ 90.6/90.6 kB 152.6 MB/s eta 0:00:00
#9 58.88 Downloading jupyter_client-8.10.0-py3-none-any.whl (110 kB)
#9 58.88    ━━━━━━━━━━━━━━━━━━━━━━━━━━━━━━━━━━━━━━━ 110.2/110.2 kB 239.6 MB/s eta 0:00:00
#9 58.90 Downloading jupyter_events-0.12.1-py3-none-any.whl (19 kB)
#9 58.93 Downloading jupyter_lsp-2.3.1-py3-none-any.whl (77 kB)
#9 58.93    ━━━━━━━━━━━━━━━━━━━━━━━━━━━━━━━━━━━━━━━━ 77.5/77.5 kB 217.8 MB/s eta 0:00:00
#9 58.96 Downloading jupyter_server_terminals-0.5.4-py3-none-any.whl (13 kB)
#9 58.98 Downloading markdown-3.10.3-py3-none-any.whl (110 kB)
#9 58.99    ━━━━━━━━━━━━━━━━━━━━━━━━━━━━━━━━━━━━━━━━ 110.8/110.8 kB 12.7 MB/s eta 0:00:00
#9 59.01 Downloading overrides-7.7.0-py3-none-any.whl (17 kB)
#9 59.04 Downloading platformdirs-4.11.8-py3-none-any.whl (24 kB)
#9 59.06 Downloading prometheus_client-0.26.0-py3-none-any.whl (64 kB)
#9 59.06    ━━━━━━━━━━━━━━━━━━━━━━━━━━━━━━━━━━━━━━━━ 64.5/64.5 kB 58.8 MB/s eta 0:00:00
#9 59.08 Downloading pyzmq-27.2.0-cp311-cp311-manylinux_2_26_aarch64.manylinux_2_28_aarch64.whl (714 kB)
#9 59.15    ━━━━━━━━━━━━━━━━━━━━━━━━━━━━━━━━━━━━━━━━ 714.3/714.3 kB 11.1 MB/s eta 0:00:00
#9 59.17 Downloading send2trash-2.1.0-py3-none-any.whl (17 kB)
#9 59.19 Downloading soupsieve-2.9.2-py3-none-any.whl (37 kB)
#9 59.22 Downloading tensorboard_data_server-0.7.2-py3-none-any.whl (2.4 kB)
#9 59.24 Downloading terminado-0.18.1-py3-none-any.whl (14 kB)
#9 59.27 Downloading tinycss2-1.5.1-py3-none-any.whl (28 kB)
#9 59.29 Downloading urllib3-2.7.0-py3-none-any.whl (131 kB)
#9 59.30    ━━━━━━━━━━━━━━━━━━━━━━━━━━━━━━━━━━━━━━━━ 131.1/131.1 kB 15.2 MB/s eta 0:00:00
#9 59.33 Downloading webencodings-0.6.1-py3-none-any.whl (8.7 kB)
#9 59.36 Downloading websocket_client-1.9.2-py3-none-any.whl (95 kB)
#9 59.37    ━━━━━━━━━━━━━━━━━━━━━━━━━━━━━━━━━━━━━━━━ 95.8/95.8 kB 19.3 MB/s eta 0:00:00
#9 59.39 Downloading werkzeug-3.1.8-py3-none-any.whl (226 kB)
#9 59.41    ━━━━━━━━━━━━━━━━━━━━━━━━━━━━━━━━━━━━━━━━ 226.5/226.5 kB 15.8 MB/s eta 0:00:00
#9 59.42 Downloading namex-0.1.0-py3-none-any.whl (5.9 kB)
#9 59.45 Downloading optree-0.20.0-cp311-cp311-manylinux_2_26_aarch64.manylinux_2_28_aarch64.whl (434 kB)
#9 59.49    ━━━━━━━━━━━━━━━━━━━━━━━━━━━━━━━━━━━━━━━━ 434.4/434.4 kB 11.9 MB/s eta 0:00:00
#9 59.53 Downloading rich-15.0.0-py3-none-any.whl (310 kB)
#9 59.55    ━━━━━━━━━━━━━━━━━━━━━━━━━━━━━━━━━━━━━━━━ 310.7/310.7 kB 16.9 MB/s eta 0:00:00
#9 59.57 Downloading attrs-26.1.0-py3-none-any.whl (67 kB)
#9 59.58    ━━━━━━━━━━━━━━━━━━━━━━━━━━━━━━━━━━━━━━━━ 67.5/67.5 kB 13.5 MB/s eta 0:00:00
#9 59.60 Downloading comm-0.2.3-py3-none-any.whl (7.3 kB)
#9 59.62 Downloading debugpy-1.8.21-py2.py3-none-any.whl (5.4 MB)
#9 60.08    ━━━━━━━━━━━━━━━━━━━━━━━━━━━━━━━━━━━━━━━━ 5.4/5.4 MB 11.8 MB/s eta 0:00:00
#9 60.10 Downloading ipython-9.17.1-py3-none-any.whl (639 kB)
#9 60.16    ━━━━━━━━━━━━━━━━━━━━━━━━━━━━━━━━━━━━━━━━ 639.0/639.0 kB 12.0 MB/s eta 0:00:00
#9 60.18 Downloading jsonschema_specifications-2025.9.1-py3-none-any.whl (18 kB)
#9 60.21 Downloading markdown_it_py-4.2.0-py3-none-any.whl (91 kB)
#9 60.21    ━━━━━━━━━━━━━━━━━━━━━━━━━━━━━━━━━━━━━━━━ 91.7/91.7 kB 242.1 MB/s eta 0:00:00
#9 60.23 Downloading matplotlib_inline-0.2.2-py3-none-any.whl (9.5 kB)
#9 60.26 Downloading nest_asyncio2-1.7.2-py3-none-any.whl (7.8 kB)
#9 60.29 Downloading psutil-7.2.2-cp36-abi3-manylinux2014_aarch64.manylinux_2_17_aarch64.manylinux_2_28_aarch64.whl (156 kB)
#9 60.29    ━━━━━━━━━━━━━━━━━━━━━━━━━━━━━━━━━━━━━━━━ 157.0/157.0 kB 40.5 MB/s eta 0:00:00
#9 60.31 Downloading python_json_logger-4.2.0-py3-none-any.whl (14 kB)
#9 60.34 Downloading pyyaml-6.0.3-cp311-cp311-manylinux2014_aarch64.manylinux_2_17_aarch64.manylinux_2_28_aarch64.whl (775 kB)
#9 60.39    ━━━━━━━━━━━━━━━━━━━━━━━━━━━━━━━━━━━━━━━━ 775.6/775.6 kB 16.2 MB/s eta 0:00:00
#9 60.41 Downloading referencing-0.37.0-py3-none-any.whl (26 kB)
#9 60.44 Downloading rfc3986_validator-0.1.1-py2.py3-none-any.whl (4.2 kB)
#9 60.46 Downloading rpds_py-2026.6.3-cp311-cp311-manylinux_2_17_aarch64.manylinux2014_aarch64.whl (373 kB)
#9 60.49    ━━━━━━━━━━━━━━━━━━━━━━━━━━━━━━━━━━━━━━━━ 373.8/373.8 kB 24.6 MB/s eta 0:00:00
#9 60.51 Downloading argon2_cffi_bindings-26.1.0-cp310-abi3-manylinux_2_26_aarch64.manylinux_2_28_aarch64.whl (27 kB)
#9 60.53 Downloading ptyprocess-0.7.0-py2.py3-none-any.whl (13 kB)
#9 60.59 Downloading rfc3339_validator-0.1.4-py2.py3-none-any.whl (3.5 kB)
#9 60.62 Downloading cffi-2.1.1-cp311-cp311-manylinux2014_aarch64.manylinux_2_17_aarch64.whl (218 kB)
#9 60.63    ━━━━━━━━━━━━━━━━━━━━━━━━━━━━━━━━━━━━━━━━ 218.7/218.7 kB 16.7 MB/s eta 0:00:00
#9 60.66 Downloading h11-0.16.0-py3-none-any.whl (37 kB)
#9 60.68 Downloading ipython_pygments_lexers-1.1.1-py3-none-any.whl (8.1 kB)
#9 60.71 Downloading jedi-0.20.0-py2.py3-none-any.whl (4.9 MB)
#9 61.23    ━━━━━━━━━━━━━━━━━━━━━━━━━━━━━━━━━━━━━━━━ 4.9/4.9 MB 9.6 MB/s eta 0:00:00
#9 61.26 Downloading jsonpointer-3.1.1-py3-none-any.whl (7.7 kB)
#9 61.29 Downloading mdurl-0.1.2-py3-none-any.whl (10.0 kB)
#9 61.32 Downloading pexpect-4.9.0-py2.py3-none-any.whl (63 kB)
#9 61.33    ━━━━━━━━━━━━━━━━━━━━━━━━━━━━━━━━━━━━━━━━ 63.8/63.8 kB 6.0 MB/s eta 0:00:00
#9 61.36 Downloading prompt_toolkit-3.0.53-py3-none-any.whl (392 kB)
#9 61.39    ━━━━━━━━━━━━━━━━━━━━━━━━━━━━━━━━━━━━━━━━ 392.3/392.3 kB 16.3 MB/s eta 0:00:00
#9 61.43 Downloading rfc3987_syntax-1.1.0-py3-none-any.whl (8.0 kB)
#9 61.45 Downloading stack_data-0.6.3-py3-none-any.whl (24 kB)
#9 61.48 Downloading webcolors-25.10.0-py3-none-any.whl (14 kB)
#9 61.50 Downloading fqdn-1.5.1-py3-none-any.whl (9.1 kB)
#9 61.52 Downloading isoduration-20.11.0-py3-none-any.whl (11 kB)
#9 61.54 Downloading uri_template-1.3.0-py3-none-any.whl (11 kB)
#9 61.56 Downloading arrow-1.4.0-py3-none-any.whl (68 kB)
#9 61.57    ━━━━━━━━━━━━━━━━━━━━━━━━━━━━━━━━━━━━━━━━ 68.8/68.8 kB 104.1 MB/s eta 0:00:00
#9 61.59 Downloading asttokens-3.0.2-py3-none-any.whl (28 kB)
#9 61.61 Downloading executing-2.2.1-py2.py3-none-any.whl (28 kB)
#9 61.63 Downloading lark-1.3.1-py3-none-any.whl (113 kB)
#9 61.63    ━━━━━━━━━━━━━━━━━━━━━━━━━━━━━━━━━━━━━━━━ 113.2/113.2 kB 65.6 MB/s eta 0:00:00
#9 61.65 Downloading parso-0.8.7-py2.py3-none-any.whl (107 kB)
#9 61.66    ━━━━━━━━━━━━━━━━━━━━━━━━━━━━━━━━━━━━━━━ 107.0/107.0 kB 134.7 MB/s eta 0:00:00
#9 61.68 Downloading wcwidth-0.8.3-py3-none-any.whl (331 kB)
#9 61.70    ━━━━━━━━━━━━━━━━━━━━━━━━━━━━━━━━━━━━━━━━ 331.7/331.7 kB 18.0 MB/s eta 0:00:00
#9 61.72 Downloading pure_eval-0.2.4-py3-none-any.whl (11 kB)
#9 61.74 Downloading pycparser-3.0-py3-none-any.whl (48 kB)
#9 61.74    ━━━━━━━━━━━━━━━━━━━━━━━━━━━━━━━━━━━━━━━━ 48.2/48.2 kB 191.1 MB/s eta 0:00:00
#9 62.75 Installing collected packages: pytz, pure-eval, ptyprocess, namex, mpmath, libclang, flatbuffers, wrapt, websocket-client, webencodings, webcolors, wcwidth, urllib3, uri-template, tzdata, typing_extensions, traitlets, tornado, threadpoolctl, termcolor, tensorboard-data-server, sympy, soupsieve, six, send2trash, rpds-py, rfc3986-validator, pyzmq, pyyaml, python-json-logger, pyparsing, pygments, pycparser, psutil, protobuf, prometheus-client, platformdirs, pillow, pexpect, parso, pandocfilters, overrides, opt_einsum, numpy, nest-asyncio2, mistune, mdurl, markupsafe, markdown, lark, kiwisolver, jupyterlab-pygments, jsonpointer, json5, idna, h11, gast, fqdn, fonttools, fastjsonschema, executing, defusedxml, debugpy, cycler, comm, cloudpickle, charset_normalizer, certifi, babel, attrs, async-lru, asttokens, absl-py, werkzeug, tinycss2, terminado, stack_data, scipy, rfc3987-syntax, rfc3339-validator, requests, referencing, python-dateutil, prompt_toolkit, optree, ml_dtypes, matplotlib-inline, markdown-it-py, jupyter-core, joblib, jinja2, jedi, ipython-pygments-lexers, httpcore, h5py, grpcio, google_pasta, contourpy, cffi, bleach, beautifulsoup4, astunparse, anyio, tensorboard, scikit-learn, rich, pandas, matplotlib, jupyter-server-terminals, jupyter-client, jsonschema-specifications, ipython, httpx, arrow, argon2-cffi-bindings, keras, jsonschema, isoduration, ipykernel, argon2-cffi, tensorflow, nbformat, nbclient, jupyter-events, nbconvert, jupyter-server, notebook-shim, jupyterlab-server, jupyter-lsp, jupyterlab, notebook
#9 88.23 Successfully installed absl-py-2.5.0 anyio-4.15.1 argon2-cffi-25.1.0 argon2-cffi-bindings-26.1.0 arrow-1.4.0 asttokens-3.0.2 astunparse-1.6.3 async-lru-2.3.0 attrs-26.1.0 babel-2.18.0 beautifulsoup4-4.15.0 bleach-6.4.0 certifi-2026.7.22 cffi-2.1.1 charset_normalizer-3.5.1 cloudpickle-3.1.2 comm-0.2.3 contourpy-1.3.3 cycler-0.12.1 debugpy-1.8.21 defusedxml-0.7.1 executing-2.2.1 fastjsonschema-2.22.2 flatbuffers-25.12.19 fonttools-4.65.0 fqdn-1.5.1 gast-0.7.0 google_pasta-0.2.0 grpcio-1.83.1 h11-0.16.0 h5py-3.16.0 httpcore-1.0.9 httpx-0.28.1 idna-3.19 ipykernel-7.3.0 ipython-9.17.1 ipython-pygments-lexers-1.1.1 isoduration-20.11.0 jedi-0.20.0 jinja2-3.1.6 joblib-1.6.0 json5-0.15.0 jsonpointer-3.1.1 jsonschema-4.26.0 jsonschema-specifications-2025.9.1 jupyter-client-8.10.0 jupyter-core-5.9.1 jupyter-events-0.12.1 jupyter-lsp-2.3.1 jupyter-server-2.21.0 jupyter-server-terminals-0.5.4 jupyterlab-4.4.10 jupyterlab-pygments-0.3.0 jupyterlab-server-2.28.0 keras-3.15.1 kiwisolver-1.5.1 lark-1.3.1 libclang-18.1.1 markdown-3.10.3 markdown-it-py-4.2.0 markupsafe-3.0.3 matplotlib-3.10.7 matplotlib-inline-0.2.2 mdurl-0.1.2 mistune-3.3.4 ml_dtypes-0.6.0 mpmath-1.3.0 namex-0.1.0 nbclient-0.11.0 nbconvert-7.16.6 nbformat-5.11.1 nest-asyncio2-1.7.2 notebook-7.4.7 notebook-shim-0.2.4 numpy-2.2.6 opt_einsum-3.4.0 optree-0.20.0 overrides-7.7.0 pandas-2.3.3 pandocfilters-1.5.1 parso-0.8.7 pexpect-4.9.0 pillow-12.3.0 platformdirs-4.11.8 prometheus-client-0.26.0 prompt_toolkit-3.0.53 protobuf-7.36.1 psutil-7.2.2 ptyprocess-0.7.0 pure-eval-0.2.4 pycparser-3.0 pygments-2.21.0 pyparsing-3.3.2 python-dateutil-2.9.0.post0 python-json-logger-4.2.0 pytz-2026.3.post1 pyyaml-6.0.3 pyzmq-27.2.0 referencing-0.37.0 requests-2.34.2 rfc3339-validator-0.1.4 rfc3986-validator-0.1.1 rfc3987-syntax-1.1.0 rich-15.0.0 rpds-py-2026.6.3 scikit-learn-1.7.2 scipy-1.17.1 send2trash-2.1.0 six-1.17.0 soupsieve-2.9.2 stack_data-0.6.3 sympy-1.14.0 tensorboard-2.20.0 tensorboard-data-server-0.7.2 tensorflow-2.20.0 termcolor-3.3.0 terminado-0.18.1 threadpoolctl-3.6.0 tinycss2-1.5.1 tornado-6.5.8 traitlets-5.16.1 typing_extensions-4.16.0 tzdata-2026.3 uri-template-1.3.0 urllib3-2.7.0 wcwidth-0.8.3 webcolors-25.10.0 webencodings-0.6.1 websocket-client-1.9.2 werkzeug-3.1.8 wrapt-2.4.1
#9 88.23 WARNING: Running pip as the 'root' user can result in broken permissions and conflicting behaviour with the system package manager. It is recommended to use a virtual environment instead: https://pip.pypa.io/warnings/venv
#9 88.41 
#9 88.41 [notice] A new release of pip is available: 24.0 -> 26.2.1
#9 88.41 [notice] To update, run: pip install --upgrade pip
#9 DONE 89.9s

#10 [5/5] COPY notebooks/ /notebooks/
#10 DONE 0.5s

#11 exporting to image
#11 exporting layers
#11 exporting layers 40.2s done
#11 exporting manifest sha256:62194e29a75e6c3a6374aa13f521bdc2b3351ce0ac599e771e92c08826ea6a41 done
#11 exporting config sha256:dcb170ab063d69dd3ffd57f23fb87d6336cfa342f460c5cc2e7adf260ac99306 done
#11 exporting attestation manifest sha256:ad5aa02b9a384ec113a24fc0a0b8f8b07b73601130e1c8a3f112aa2f9274b00a done
#11 exporting manifest list sha256:d1dacf6fb95f841db871f69e3d2d2451ce9e807ae704d4302317ef51e986befb done
#11 naming to docker.io/practica/data-science:local done
#11 unpacking to docker.io/practica/data-science:local
#11 unpacking to docker.io/practica/data-science:local 12.5s done
#11 DONE 52.8s
+ docker run -d --name jupyter-ia -p 192.168.100.3:8888:8888 --mount type=bind,source=/home/vagrant/practica-docker-ia/data-science/notebooks,target=/notebooks practica/data-science:local
d9c83168c35fbe00aaa16d1a86240e3cb894495e83dfbb370ecb78b541c94124
+ docker exec jupyter-ia jupyter nbconvert --to notebook --execute --ExecutePreprocessor.timeout=600 --output 01-iris-docker-ia-ejecutado.ipynb /notebooks/01-iris-docker-ia.ipynb
[NbConvertApp] Converting notebook /notebooks/01-iris-docker-ia.ipynb to notebook
[IPKernelApp] WARNING | Kernel is running over TCP without encryption. All communication (including code and outputs) is sent in plain text and is susceptible to eavesdropping. Use IPC transport or launch with kernel manager-provisioned CurveZMQ keys to enable transport encryption.
[NbConvertApp] Writing 38861 bytes to /notebooks/01-iris-docker-ia-ejecutado.ipynb
+ docker exec jupyter-ia cat /notebooks/resultados/metricas.json
{
  "muestras_entrenamiento": 120,
  "muestras_prueba": 30,
  "exactitud_sklearn": 0.9333333333333333,
  "exactitud_tensorflow": 0.9666666666666667,
  "tensorflow": "2.20.0",
  "scikit_learn": "1.7.2",
  "dispositivo": "CPU"
}+ docker build -t practica/ml-jupyter:arm64 ./ml-jupyter-compatible
#0 building with "default" instance using docker driver

#1 [internal] load build definition from Dockerfile
#1 transferring dockerfile: 222B done
#1 DONE 0.0s

#2 [internal] load metadata for docker.io/practica/data-science:local
#2 DONE 0.0s

#3 [internal] load .dockerignore
#3 transferring context: 2B done
#3 DONE 0.0s

#4 [1/3] FROM docker.io/practica/data-science:local@sha256:d1dacf6fb95f841db871f69e3d2d2451ce9e807ae704d4302317ef51e986befb
#4 resolve docker.io/practica/data-science:local@sha256:d1dacf6fb95f841db871f69e3d2d2451ce9e807ae704d4302317ef51e986befb done
#4 DONE 0.0s

#5 [internal] load build context
#5 transferring context: 174.12kB done
#5 DONE 0.0s

#6 [2/3] COPY notebooks/ /notebooks/
#6 DONE 0.0s

#7 [3/3] WORKDIR /notebooks
#7 DONE 0.0s

#8 exporting to image
#8 exporting layers 0.0s done
#8 exporting manifest sha256:2fa413290aab26e3e7fb422c35bb995f3bbb235f7d33ab08a73947d4725be45c done
#8 exporting config sha256:14f9d00778d75d45257e3232a5ab602fbf75cfb22b901e08fef629ee7baad0b9 done
#8 exporting attestation manifest sha256:2e74785a0dbd043b0cf0a08af30911f5de6cc165e1940e26bca6361ff02a94e7 done
#8 exporting manifest list sha256:f1585d4fa960a8b4504e14b56ac296f8bd98204413c432112f9606a15bff8cb0 done
#8 naming to docker.io/practica/ml-jupyter:arm64 done
#8 unpacking to docker.io/practica/ml-jupyter:arm64 0.0s done
#8 DONE 0.1s
+ docker run -d --name ml-jupyter -p 192.168.100.3:8890:8888 --mount type=bind,source=/home/vagrant/practica-docker-ia/ml-jupyter-compatible/notebooks,target=/notebooks practica/ml-jupyter:arm64
8f69010faf07cde850c94d95f0c001e2b3edc6ed1b4abf566e9becdbe219029e
+ for notebook in 1.scikit-learnSample 2.TensorFlowSample 3.ScipySample
+ docker exec ml-jupyter jupyter nbconvert --to notebook --execute --ExecutePreprocessor.timeout=600 --output 1.scikit-learnSample-ejecutado.ipynb /notebooks/1.scikit-learnSample.ipynb
[NbConvertApp] Converting notebook /notebooks/1.scikit-learnSample.ipynb to notebook
[IPKernelApp] WARNING | Kernel is running over TCP without encryption. All communication (including code and outputs) is sent in plain text and is susceptible to eavesdropping. Use IPC transport or launch with kernel manager-provisioned CurveZMQ keys to enable transport encryption.
[NbConvertApp] Writing 57813 bytes to /notebooks/1.scikit-learnSample-ejecutado.ipynb
+ for notebook in 1.scikit-learnSample 2.TensorFlowSample 3.ScipySample
+ docker exec ml-jupyter jupyter nbconvert --to notebook --execute --ExecutePreprocessor.timeout=600 --output 2.TensorFlowSample-ejecutado.ipynb /notebooks/2.TensorFlowSample.ipynb
[NbConvertApp] Converting notebook /notebooks/2.TensorFlowSample.ipynb to notebook
[IPKernelApp] WARNING | Kernel is running over TCP without encryption. All communication (including code and outputs) is sent in plain text and is susceptible to eavesdropping. Use IPC transport or launch with kernel manager-provisioned CurveZMQ keys to enable transport encryption.
[NbConvertApp] Writing 10904 bytes to /notebooks/2.TensorFlowSample-ejecutado.ipynb
+ for notebook in 1.scikit-learnSample 2.TensorFlowSample 3.ScipySample
+ docker exec ml-jupyter jupyter nbconvert --to notebook --execute --ExecutePreprocessor.timeout=600 --output 3.ScipySample-ejecutado.ipynb /notebooks/3.ScipySample.ipynb
[NbConvertApp] Converting notebook /notebooks/3.ScipySample.ipynb to notebook
[IPKernelApp] WARNING | Kernel is running over TCP without encryption. All communication (including code and outputs) is sent in plain text and is susceptible to eavesdropping. Use IPC transport or launch with kernel manager-provisioned CurveZMQ keys to enable transport encryption.
[NbConvertApp] Writing 96327 bytes to /notebooks/3.ScipySample-ejecutado.ipynb
+ docker build -t practica/flask:v1 -f flask/Dockerfile .
#0 building with "default" instance using docker driver

#1 [internal] load build definition from Dockerfile
#1 transferring dockerfile: 288B done
#1 DONE 0.0s

#2 [internal] load metadata for docker.io/library/python:3.11-slim-bookworm
#2 DONE 0.4s

#3 [internal] load .dockerignore
#3 transferring context: 155B done
#3 DONE 0.0s

#4 [1/5] FROM docker.io/library/python:3.11-slim-bookworm@sha256:528257d48c1da0dcecc2e725d1ae34498d60c965f1241e39cd6a85a8859bdf84
#4 resolve docker.io/library/python:3.11-slim-bookworm@sha256:528257d48c1da0dcecc2e725d1ae34498d60c965f1241e39cd6a85a8859bdf84 0.0s done
#4 DONE 0.0s

#5 [internal] load build context
#5 transferring context: 2.66kB done
#5 DONE 0.0s

#6 [3/5] RUN pip install --no-cache-dir Flask==3.1.2
#6 CACHED

#7 [2/5] WORKDIR /app
#7 CACHED

#8 [4/5] COPY referencias/docker-flask-example/app/app.py /app/app.py
#8 CACHED

#9 [5/5] COPY referencias/docker-flask-example/app/data.py /app/data.py
#9 CACHED

#10 exporting to image
#10 exporting layers done
#10 exporting manifest sha256:7b545332376e06f30453e8fbfba5f1a5a3ef222ab59f57c20cdcf72f94ed535b done
#10 exporting config sha256:bd39c1e00bd5e00435b43d38ca7c3e92f856e89de7cf19dc3dff1bcc9577b4d9 done
#10 exporting attestation manifest sha256:78d4956ce15df6d08fa25464679dd5673ebc63e65c95bde6c5eda9644523d21c done
#10 exporting manifest list sha256:15aee70b6024e32efe1b34ab9dd70a6213aa4a0efab37f7bf5c421b88ccb0194 done
#10 naming to docker.io/practica/flask:v1 done
#10 unpacking to docker.io/practica/flask:v1 0.1s done
#10 DONE 0.1s
+ docker run -d --name flask-practica -p 192.168.100.3:5000:5000 practica/flask:v1
e928f3f4ba94ff1cacf119bfe0110472d273d57a8ca4db7a597dfded0c278a61
+ sleep 3
+ curl --fail http://192.168.100.3:5000
  % Total    % Received % Xferd  Average Speed   Time    Time     Time  Current
                                 Dload  Upload   Total   Spent    Left  Speed
  0     0    0     0    0     0      0      0 --:--:-- --:--:-- --:--:--     0100  1646  100  1646    0     0   444k      0 --:--:-- --:--:-- --:--:--  803k
{"my_articles": [{"id": 1, "title": "Article One", "body": "Lorem ipsum dolor sit amet, consectetur adipisicing elit, sed do eiusmod tempor incididunt ut labore et dolore magna aliqua. Ut enim ad minim veniam, quis nostrud exercitation ullamco laboris nisi ut aliquip ex ea commodo consequat. Duis aute irure dolor in reprehenderit in voluptate velit esse cillum dolore eu fugiat nulla pariatur. Excepteur sint occaecat cupidatat non proident, sunt in culpa qui officia deserunt mollit anim id est laborum.", "author": "Mondragon", "create_date": "18-9-2020"}, {"id": 2, "title": "Article Two", "body": "Lorem ipsum dolor sit amet, consectetur adipisicing elit, sed do eiusmod tempor incididunt ut labore et dolore magna aliqua. Ut enim ad minim veniam, quis nostrud exercitation ullamco laboris nisi ut aliquip ex ea commodo consequat. Duis aute irure dolor in reprehenderit in voluptate velit esse cillum dolore eu fugiat nulla pariatur. Excepteur sint occaecat cupidatat non proident, sunt in culpa qui officia deserunt mollit anim id est laborum.", "author": "Martinez", "create_date": "18-9-2020"}, {"id": 3, "title": "Article Three", "body": "Lorem ipsum dolor sit amet, consectetur adipisicing elit, sed do eiusmod tempor incididunt ut labore et dolore magna aliqua. Ut enim ad minim veniam, quis nostrud exercitation ullamco laboris nisi ut aliquip ex ea commodo consequat. Duis aute irure dolor in reprehenderit in voluptate velit esse cillum dolore eu fugiat nulla pariatur. Excepteur sint occaecat cupidatat non proident, sunt in culpa qui officia deserunt mollit anim id est laborum.", "author": "Perez", "create_date": "18-9-2020"}]}+ docker logs flask-practica
 * Serving Flask app 'app'
 * Debug mode: off
[31m[1mWARNING: This is a development server. Do not use it in a production deployment. Use a production WSGI server instead.[0m
 * Running on all addresses (0.0.0.0)
 * Running on http://127.0.0.1:5000
 * Running on http://172.17.0.8:5000
[33mPress CTRL+C to quit[0m
192.168.100.3 - - [11/Sep/2026 23:47:39] "GET / HTTP/1.1" 200 -
+ docker ps
CONTAINER ID   IMAGE                         COMMAND                  CREATED          STATUS          PORTS                          NAMES
e928f3f4ba94   practica/flask:v1             "python app.py"          3 seconds ago    Up 3 seconds    192.168.100.3:5000->5000/tcp   flask-practica
8f69010faf07   practica/ml-jupyter:arm64     "jupyter notebook --…"   14 seconds ago   Up 13 seconds   192.168.100.3:8890->8888/tcp   ml-jupyter
d9c83168c35f   practica/data-science:local   "jupyter notebook --…"   20 seconds ago   Up 19 seconds   192.168.100.3:8888->8888/tcp   jupyter-ia
662139a50e2c   practica/ubuntuweb:base       "apache2ctl -D FOREG…"   2 minutes ago    Up 2 minutes    192.168.100.3:9920->80/tcp     webvolumen
29710c977a3e   practica/testdir:v1           "apache2ctl -D FOREG…"   2 minutes ago    Up 2 minutes    192.168.100.3:9910->80/tcp     webcontainer
06740fef9da1   practica/sitio-docker:v1      "apache2ctl -D FOREG…"   2 minutes ago    Up 2 minutes    192.168.100.3:9001->80/tcp     webpersonal
e46b7f1a9f11   practica/ubuntuweb:base       "apache2ctl -D FOREG…"   2 minutes ago    Up 2 minutes    192.168.100.3:9000->80/tcp     webprueba
